GHCi, version 7.8.3: http://www.haskell.org/ghc/  :? for help
Loading package ghc-prim ... linking ... done.
Loading package integer-gmp ... linking ... done.
Loading package base ... linking ... done.
Prelude> :load "/Users/OWinrauke/Dropbox/CIS352/hw03/hw2.hs"
[1 of 1] Compiling Main             ( /Users/OWinrauke/Dropbox/CIS352/hw03/hw2.hs, interpreted )

/Users/OWinrauke/Dropbox/CIS352/hw03/hw2.hs:20:42:
    lexical error at character '\8217'
Failed, modules loaded: none.
Prelude> :load "/Users/OWinrauke/Dropbox/CIS352/hw03/hw2.hs"
[1 of 1] Compiling Main             ( /Users/OWinrauke/Dropbox/CIS352/hw03/hw2.hs, interpreted )

/Users/OWinrauke/Dropbox/CIS352/hw03/hw2.hs:21:24:
    Syntax error on 'mod'
    Perhaps you intended to use TemplateHaskell
    In the Template Haskell quotation 'mod'
Failed, modules loaded: none.
Prelude> :load "/Users/OWinrauke/Dropbox/CIS352/hw03/hw2.hs"
[1 of 1] Compiling Main             ( /Users/OWinrauke/Dropbox/CIS352/hw03/hw2.hs, interpreted )
Ok, modules loaded: Main.
*Main> :load "/Users/OWinrauke/Dropbox/CIS352/hw03/hw2.hs"
[1 of 1] Compiling Main             ( /Users/OWinrauke/Dropbox/CIS352/hw03/hw2.hs, interpreted )
Ok, modules loaded: Main.
*Main> quickCheck squash_prop
Loading package array-0.5.0.0 ... linking ... done.
Loading package deepseq-1.3.0.2 ... linking ... done.
Loading package old-locale-1.0.0.6 ... linking ... done.
Loading package time-1.4.2 ... linking ... done.
Loading package random-1.0.1.1 ... linking ... done.
Loading package containers-0.5.5.1 ... linking ... done.
Loading package pretty-1.1.1.1 ... linking ... done.
Loading package template-haskell ... linking ... done.
Loading package QuickCheck-2.6 ... linking ... done.
*** Failed! (after 2 tests and 2 shrinks): 
Exception:
  /Users/OWinrauke/Dropbox/CIS352/hw03/hw2.hs:(14,1)-(15,46): Non-exhaustive patterns in function squash
[0]
*Main> quickCheck squash_prop

<interactive>:7:12:
    Not in scope: ‘squash_prop’
    Perhaps you meant ‘squash_pred’ (line 20)
*Main> bsum t1
21
*Main> same [1,1,1,1,1,1]
True
*Main> same [1,1,1,2,1,1]
False
*Main> bmaxDepth' t1
3
*Main> 