GHCi, version 7.8.3: http://www.haskell.org/ghc/  :? for help
Loading package ghc-prim ... linking ... done.
Loading package integer-gmp ... linking ... done.
Loading package base ... linking ... done.
Prelude> :load "/Users/OWinrauke/Dropbox/CIS352/hw9/hw9.hs"
[1 of 1] Compiling Main             ( /Users/OWinrauke/Dropbox/CIS352/hw9/hw9.hs, interpreted )

/Users/OWinrauke/Dropbox/CIS352/hw9/hw9.hs:45:28:
    parse error on input ‘let’
Failed, modules loaded: none.
Prelude> :load "/Users/OWinrauke/Dropbox/CIS352/hw9/hw9.hs"
[1 of 1] Compiling Main             ( /Users/OWinrauke/Dropbox/CIS352/hw9/hw9.hs, interpreted )
Ok, modules loaded: Main.
*Main> game
Loading package array-0.5.0.0 ... linking ... done.
Loading package deepseq-1.3.0.2 ... linking ... done.
Loading package old-locale-1.0.0.6 ... linking ... done.
Loading package time-1.4.2 ... linking ... done.
Loading package random-1.0.1.1 ... linking ... done.
Choose a number between 1 and 100
Is the number 59?
lower
Is the number 26?
higher
Is the number 33?
higher
Is the number 43?
higher
Is the number 59?
lower
Is the number 44?
higher
Is the number 44?
higher
Is the number 52?
lower
Is the number 49?
higher
Is the number 52?
lower
Is the number 51?
lower
Is the number 50?
yes
I win!
*Main> ask "Do you like harkal?"
Do you like harkal?
no
'n'
*Main> showHisto
7
3
6
1
9
-21


*********
*
******
***
*******
*Main> :load "/Users/OWinrauke/Dropbox/CIS352/hw9/hw9.hs"
[1 of 1] Compiling Main             ( /Users/OWinrauke/Dropbox/CIS352/hw9/hw9.hs, interpreted )
Ok, modules loaded: Main.
*Main> 